// Jest Snapshot v1, https://goo.gl/fbAQLP

exports[`Gift Component Tests renders correctly 1`] = `ShallowWrapper {}`;
